// Jest Snapshot v1, https://goo.gl/fbAQLP

exports[`app snapshot matches 1`] = `
<div
  className="App"
>
  <div>
    <span>
      north: 
      0
      m
    </span>
    <span>
      east: 
      0
      m
    </span>
  </div>
</div>
`;
